// Jest Snapshot v1, https://goo.gl/fbAQLP

exports[`Homepage should be able to render 1`] = `
<div>
  <main
    class="main-page"
  >
    <section
      class="main-page__search"
    >
      <h3>
        Search Users
      </h3>
      <form
        class="user-search"
      >
        <div
          class="text-field"
        >
          <label
            class="text-field__label"
          >
            Name
          </label>
          <input
            class="text-field__input"
            data-testid="text_field_name"
            name="name"
            required=""
            type="text"
            value=""
          />
        </div>
        <div
          class="user-search__action"
        >
          <button
            class="custom-button custom-button--primary"
            data-testid="submit-bt"
          >
            Search
          </button>
          <button
            class="custom-button custom-button--secondary"
            data-testid="clear-bt"
          >
            Clear search
          </button>
        </div>
      </form>
    </section>
    <section
      class="main-page__users-list"
    >
      <h3>
        Users
      </h3>
      <div
        class="infinite-scroll-component__outerdiv"
      >
        <div
          class="infinite-scroll-component "
          style="height: 60vh; overflow: auto;"
        >
          <table
            class="custom-table"
          >
            <thead>
              <tr
                class="custom-table__row"
              >
                <th
                  class="custom-table__row--header-column"
                >
                  Profile Image
                </th>
                <th
                  class="custom-table__row--header-column"
                >
                  First Name
                </th>
                <th
                  class="custom-table__row--header-column"
                >
                  Last Name
                </th>
                <th
                  class="custom-table__row--header-column"
                >
                  Email
                </th>
                <th
                  class="custom-table__row--header-column"
                >
                  Gender
                </th>
                <th
                  class="custom-table__row--header-column"
                >
                  Nationality
                </th>
                <th
                  class="custom-table__row--header-column"
                >
                  Location
                </th>
              </tr>
            </thead>
            <tbody>
              <tr
                class="custom-table__row"
                data-testid="custom-table-data-rows"
              >
                <td
                  class="custom-table__row--body-column"
                >
                  <img
                    class="thumbnail"
                    src="https://randomuser.me/api/portraits/thumb/men/98.jpg"
                  />
                </td>
                <td
                  class="custom-table__row--body-column"
                >
                  Lachlan
                </td>
                <td
                  class="custom-table__row--body-column"
                >
                  Roberts
                </td>
                <td
                  class="custom-table__row--body-column"
                >
                  lachlan.roberts@example.com
                </td>
                <td
                  class="custom-table__row--body-column"
                >
                  male
                </td>
                <td
                  class="custom-table__row--body-column"
                >
                  NZ
                </td>
                <td
                  class="custom-table__row--body-column"
                >
                  New Zealand
                </td>
              </tr>
              <tr
                class="custom-table__row"
                data-testid="custom-table-data-rows"
              >
                <td
                  class="custom-table__row--body-column"
                >
                  <img
                    class="thumbnail"
                    src="https://randomuser.me/api/portraits/thumb/women/4.jpg"
                  />
                </td>
                <td
                  class="custom-table__row--body-column"
                >
                  Leona
                </td>
                <td
                  class="custom-table__row--body-column"
                >
                  Campbell
                </td>
                <td
                  class="custom-table__row--body-column"
                >
                  leona.campbell@example.com
                </td>
                <td
                  class="custom-table__row--body-column"
                >
                  female
                </td>
                <td
                  class="custom-table__row--body-column"
                >
                  AU
                </td>
                <td
                  class="custom-table__row--body-column"
                >
                  Australia
                </td>
              </tr>
              <tr
                class="custom-table__row"
                data-testid="custom-table-data-rows"
              >
                <td
                  class="custom-table__row--body-column"
                >
                  <img
                    class="thumbnail"
                    src="https://randomuser.me/api/portraits/thumb/women/72.jpg"
                  />
                </td>
                <td
                  class="custom-table__row--body-column"
                >
                  Emilie
                </td>
                <td
                  class="custom-table__row--body-column"
                >
                  Nielsen
                </td>
                <td
                  class="custom-table__row--body-column"
                >
                  emilie.nielsen@example.com
                </td>
                <td
                  class="custom-table__row--body-column"
                >
                  female
                </td>
                <td
                  class="custom-table__row--body-column"
                >
                  DK
                </td>
                <td
                  class="custom-table__row--body-column"
                >
                  Denmark
                </td>
              </tr>
              <tr
                class="custom-table__row"
                data-testid="custom-table-data-rows"
              >
                <td
                  class="custom-table__row--body-column"
                >
                  <img
                    class="thumbnail"
                    src="https://randomuser.me/api/portraits/thumb/women/49.jpg"
                  />
                </td>
                <td
                  class="custom-table__row--body-column"
                >
                  Ester
                </td>
                <td
                  class="custom-table__row--body-column"
                >
                  Woll
                </td>
                <td
                  class="custom-table__row--body-column"
                >
                  ester.woll@example.com
                </td>
                <td
                  class="custom-table__row--body-column"
                >
                  female
                </td>
                <td
                  class="custom-table__row--body-column"
                >
                  DE
                </td>
                <td
                  class="custom-table__row--body-column"
                >
                  Germany
                </td>
              </tr>
            </tbody>
          </table>
          <h4
            class="text-align-center"
          >
            Loading...
          </h4>
        </div>
      </div>
    </section>
  </main>
</div>
`;
